I'm sorry, but errors were detected in your script. Please correct the
errors listed below, and try again.


File "game/script.rpy", line 189: is not terminated with a newline. (Check strings and parenthesis.)
(Perhaps you left out a " at the end of the first line.)
    CS "I have no problem with 1080s

Ren'Py Version: Ren'Py 7.0.0.196
Sun Sep 16 22:18:51 2018
